<testsuites name="results">
  <testsuite name="all" package="all">
    <property name="random_seed" value="1781721776" />
    <testcase name="test_project" classname="test" file="/home/jo2022/ttsky-verilog-template/test/test.py" lineno="25" time="0.01296234130859375" sim_time_ns="18.0" ratio_time="1388.6380223660976" />
  </testsuite>
</testsuites>